// Jest Snapshot v1, https://goo.gl/fbAQLP

exports[`header.js props serviceProviders displays the providers correctly 1`] = `
<div>
  <h2
    key="provider_0"
  >
    A service provider
  </h2>
  <h2
    key="provider_1"
  >
    A service provider
  </h2>
  <h2
    key="provider_2"
  >
    A service provider
  </h2>
</div>
`;
